>>> add_integer = __import__('0-add_integer').add_integer
>>> from subprocess import call
>>> try:
...     call(["pep8", "0-add_integer.py"])
... except FileNotFoundError:
...     print(0)
0

>>> add_integer(2)
100

>>> add_integer(5, 37)
42

>>> add_integer(10.7, -5)
5

>>> add_integer(-3, 6.8)
3

>>> add_integer("8", 7)
Traceback (most recent call last):
  File "/usr/lib/python3.4/doctest.py", line 1318, in __run
    compileflags, 1), test.globs)
  File "<doctest 0-add_integer.txt[7]>", line 1, in <module>
    add_integer("8", 7)
  File "/home/vagrant/holbertonschool-higher_level_programming/0x07-python-test_driven_development/0-add_integer.py", line 24, in add_integer
    raise TypeError("a must be an integer")
TypeError: a must be an integer

>>> add_integer(7, "8")
Traceback (most recent call last):
  File "/usr/lib/python3.4/doctest.py", line 1318, in __run
    compileflags, 1), test.globs)
  File "<doctest 0-add_integer.txt[8]>", line 1, in <module>
    add_integer(7, "8")
  File "/home/vagrant/holbertonschool-higher_level_programming/0x07-python-test_driven_development/0-add_integer.py", line 26, in add_integer
    raise TypeError("a must be an integer")
TypeError: b must be an integer

>>> add_integer(None)
Traceback (most recent call last):
  File "/usr/lib/python3.4/doctest.py", line 1318, in __run
    compileflags, 1), test.globs)
  File "<doctest 0-add_integer.txt[5]>", line 1, in <module>
    add_integer(None)
  File "/home/vagrant/holbertonschool-higher_level_programming/0x07-python-test_driven_development/0-add_integer.py", line 24, in add_integer
    raise TypeError("a must be an integer")
TypeError: a must be an integer

>>> add_integer(7, None)
Traceback (most recent call last):
  File "/usr/lib/python3.4/doctest.py", line 1318, in __run
    compileflags, 1), test.globs)
  File "<doctest 0-add_integer.txt[8]>", line 1, in <module>
    add_integer(7, None)
  File "/home/vagrant/holbertonschool-higher_level_programming/0x07-python-test_driven_development/0-add_integer.py", line 14, in add_integer
    raise TypeError("b must be an integer")
TypeError: b must be an integer
